23e0 4aa9 9ef5152 ce1 5054 76 5d484377 0 -> ffffc238 fffffffff7579900 0 8d4eaa867
3cb2 45f8 2ad268ee 694b 427f fffffff4 12fa0c66 1 -> 2353 86003b6 0 12fa0c67
4c6e 4771 7ecd3b54 7370 2236 ffffffd8 48c953ba 1 -> 2bff d229b92 0 12fa0c67
19c5 994 32147360 7835 3f50 31 262c461a 0 -> 81c9 d1080ad 0 d1080ac
25c7 6e44 297030f6 aa4 7163 ffffff93 3b6d1590 0 -> 78e8 11d78458 0 15a3855c
5ec5 14b8 cd201d6 3694 107d 4 1f6390e 0 -> 14b8 7ab8198 0 1f6390e
64ba 3ec1 6390395d 396d 2bcb 46 6f00117 0 -> 3ec1 18b0fc3a 0 8e63a25
3469 25d6 272718cb 7f64 3d03 ffffff88 236e77ca 0 -> 25d6 7befcc6 0 8e63a25
20a9 29d0 44797ff6 47e5 fd8 ffffffbf 3ca43ca8 0 -> 71b5 e81b07d 0 8d6ee812
d70 1e3a 38e43e9d 420f 76c1 39 600700c9 1 -> 6049 50dd4f0 0 927cbd01
